1
2
3
Skip
5
6
7
Skip
Line
10
11
Skip
13
14
15
Skip
17
Line
19
Skip
21
22
23
Skip
25
26
Line
Skip
29
30
31
Skip
33
34
35
SkipLine
37
38
39
Skip
41
42
43
Skip
Line
46
47
Skip
49
50
51
Skip
53
Line
55
Skip
57
58
59
Skip
61
62
Line
Skip
65
66
67
Skip
69
70
71
SkipLine
73
74
75
Skip
77
78
79
Skip
Line
82
83
Skip
85
86
87
Skip
89
Line
91
Skip
93
94
95
Skip
97
98
Line
Skip